[15:08:02] [Test worker/INFO]: Initializing API...
[15:08:02] [Test worker/INFO]: Registering modules...
[15:08:02] [Test worker/INFO]: Registering commands...
[15:08:02] [Test worker/ERROR]: /*****************************************************************************************************************************************************************************************/
[15:08:02] [Test worker/ERROR]: /*                                                                               Encountered an Exception!                                                                               */
[15:08:02] [Test worker/ERROR]: /*****************************************************************************************************************************************************************************************/
[15:08:02] [Test worker/ERROR]: /*                                                                                                                                                                                       */
[15:08:02] [Test worker/ERROR]: /* Exception details can be found below:                                                                                                                                                 */
[15:08:02] [Test worker/ERROR]: /*---------------------------------------------------------------------------------------------------------------------------------------------------------------------------------------*/
[15:08:02] [Test worker/ERROR]: /* java.lang.IllegalArgumentException: Parameter 'arg1' has parser 'net.impactdev.impactor.api.platform.sources.PlatformSource' but no parser exists for that type                       */
[15:08:02] [Test worker/ERROR]: /*     org.incendo.cloud.annotations.assembler.ArgumentAssemblerImpl.lambda$assembleArgument$4(ArgumentAssemblerImpl.java:118)                                                           */
[15:08:02] [Test worker/ERROR]: /*     java.base/java.util.Optional.orElseThrow(Optional.java:403)                                                                                                                       */
[15:08:02] [Test worker/ERROR]: /*     org.incendo.cloud.annotations.assembler.ArgumentAssemblerImpl.assembleArgument(ArgumentAssemblerImpl.java:117)                                                                    */
[15:08:02] [Test worker/ERROR]: /*     org.incendo.cloud.annotations.AnnotationParser.lambda$constructComponents$9(AnnotationParser.java:1056)                                                                           */
[15:08:02] [Test worker/ERROR]: /*     java.base/java.util.stream.ReferencePipeline$3$1.accept(ReferencePipeline.java:197)                                                                                               */
[15:08:02] [Test worker/ERROR]: /*     java.base/java.util.ArrayList$ArrayListSpliterator.forEachRemaining(ArrayList.java:1708)                                                                                          */
[15:08:02] [Test worker/ERROR]: /*     java.base/java.util.stream.AbstractPipeline.copyInto(AbstractPipeline.java:509)                                                                                                   */
[15:08:02] [Test worker/ERROR]: /*     java.base/java.util.stream.AbstractPipeline.wrapAndCopyInto(AbstractPipeline.java:499)                                                                                            */
[15:08:02] [Test worker/ERROR]: /*     java.base/java.util.stream.ReduceOps$ReduceOp.evaluateSequential(ReduceOps.java:921)                                                                                              */
[15:08:02] [Test worker/ERROR]: /*     java.base/java.util.stream.AbstractPipeline.evaluate(AbstractPipeline.java:234)                                                                                                   */
[15:08:02] [Test worker/ERROR]: /*     java.base/java.util.stream.ReferencePipeline.collect(ReferencePipeline.java:682)                                                                                                  */
[15:08:02] [Test worker/ERROR]: /*     org.incendo.cloud.annotations.AnnotationParser.constructComponents(AnnotationParser.java:1060)                                                                                    */
[15:08:02] [Test worker/ERROR]: /*     org.incendo.cloud.annotations.AnnotationParser.constructCommands(AnnotationParser.java:940)                                                                                       */
[15:08:02] [Test worker/ERROR]: /*     org.incendo.cloud.annotations.AnnotationParser.lambda$construct$8(AnnotationParser.java:907)                                                                                      */
[15:08:02] [Test worker/ERROR]: /*     java.base/java.util.stream.ReferencePipeline$7$1.accept(ReferencePipeline.java:273)                                                                                               */
[15:08:02] [Test worker/ERROR]: /*     java.base/java.util.ArrayList$ArrayListSpliterator.forEachRemaining(ArrayList.java:1708)                                                                                          */
[15:08:02] [Test worker/ERROR]: /*     java.base/java.util.stream.AbstractPipeline.copyInto(AbstractPipeline.java:509)                                                                                                   */
[15:08:02] [Test worker/ERROR]: /*     java.base/java.util.stream.AbstractPipeline.wrapAndCopyInto(AbstractPipeline.java:499)                                                                                            */
[15:08:02] [Test worker/ERROR]: /*     java.base/java.util.stream.ReduceOps$ReduceOp.evaluateSequential(ReduceOps.java:921)                                                                                              */
[15:08:02] [Test worker/ERROR]: /*     java.base/java.util.stream.AbstractPipeline.evaluate(AbstractPipeline.java:234)                                                                                                   */
[15:08:02] [Test worker/ERROR]: /*     java.base/java.util.stream.ReferencePipeline.collect(ReferencePipeline.java:682)                                                                                                  */
[15:08:02] [Test worker/ERROR]: /*     org.incendo.cloud.annotations.AnnotationParser.construct(AnnotationParser.java:908)                                                                                               */
[15:08:02] [Test worker/ERROR]: /*     org.incendo.cloud.annotations.AnnotationParser.parse(AnnotationParser.java:760)                                                                                                   */
[15:08:02] [Test worker/ERROR]: /*     org.incendo.cloud.annotations.AnnotationParser.parse(AnnotationParser.java:732)                                                                                                   */
[15:08:02] [Test worker/ERROR]: /*     net.impactdev.impactor.core.commands.events.RegisterCommandsEvent.register(RegisterCommandsEvent.java:46)                                                                         */
[15:08:02] [Test worker/ERROR]: /*     net.impactdev.impactor.core.commands.CommandsModule.lambda$subscribe$0(CommandsModule.java:42)                                                                                    */
[15:08:02] [Test worker/ERROR]: /*     net.kyori.event.EventBusImpl.post(EventBusImpl.java:63)                                                                                                                           */
[15:08:02] [Test worker/ERROR]: /*     net.impactdev.impactor.api.events.ImpactorEventBus.post(ImpactorEventBus.java:68)                                                                                                 */
[15:08:02] [Test worker/ERROR]: /*     net.impactdev.impactor.api.events.ImpactorEventBus.post(ImpactorEventBus.java:41)                                                                                                 */
[15:08:02] [Test worker/ERROR]: /*     net.impactdev.impactor.core.utility.events.EventPublisher.post(EventPublisher.java:39)                                                                                            */
[15:08:02] [Test worker/ERROR]: /*     net.impactdev.impactor.core.commands.ImpactorCommandRegistry.registerAllCommands(ImpactorCommandRegistry.java:77)                                                                 */
[15:08:02] [Test worker/ERROR]: /*     net.impactdev.impactor.core.plugin.BaseImpactorPlugin.construct(BaseImpactorPlugin.java:136)                                                                                      */
[15:08:02] [Test worker/ERROR]: /*     net.impactdev.impactor.minecraft.test.TestBootstrapper.launch(TestBootstrapper.java:39)                                                                                           */
[15:08:02] [Test worker/ERROR]: /*     net.impactdev.impactor.minecraft.test.TestInitializer.beforeAll(TestInitializer.java:56)                                                                                          */
[15:08:02] [Test worker/ERROR]: /*     org.junit.jupiter.engine.descriptor.ClassBasedTestDescriptor.lambda$invokeBeforeAllCallbacks$12(ClassBasedTestDescriptor.java:395)                                                */
[15:08:02] [Test worker/ERROR]: /*     org.junit.platform.engine.support.hierarchical.ThrowableCollector.execute(ThrowableCollector.java:73)                                                                             */
[15:08:02] [Test worker/ERROR]: /*     org.junit.jupiter.engine.descriptor.ClassBasedTestDescriptor.invokeBeforeAllCallbacks(ClassBasedTestDescriptor.java:395)                                                          */
[15:08:02] [Test worker/ERROR]: /*     org.junit.jupiter.engine.descriptor.ClassBasedTestDescriptor.before(ClassBasedTestDescriptor.java:211)                                                                            */
[15:08:02] [Test worker/ERROR]: /*     org.junit.jupiter.engine.descriptor.ClassBasedTestDescriptor.before(ClassBasedTestDescriptor.java:84)                                                                             */
[15:08:02] [Test worker/ERROR]: /*     org.junit.platform.engine.support.hierarchical.NodeTestTask.lambda$executeRecursively$6(NodeTestTask.java:148)                                                                    */
[15:08:02] [Test worker/ERROR]: /*     org.junit.platform.engine.support.hierarchical.ThrowableCollector.execute(ThrowableCollector.java:73)                                                                             */
[15:08:02] [Test worker/ERROR]: /*     org.junit.platform.engine.support.hierarchical.NodeTestTask.lambda$executeRecursively$8(NodeTestTask.java:141)                                                                    */
[15:08:02] [Test worker/ERROR]: /*     org.junit.platform.engine.support.hierarchical.Node.around(Node.java:137)                                                                                                         */
[15:08:02] [Test worker/ERROR]: /*     org.junit.platform.engine.support.hierarchical.NodeTestTask.lambda$executeRecursively$9(NodeTestTask.java:139)                                                                    */
[15:08:02] [Test worker/ERROR]: /*     org.junit.platform.engine.support.hierarchical.ThrowableCollector.execute(ThrowableCollector.java:73)                                                                             */
[15:08:02] [Test worker/ERROR]: /*     org.junit.platform.engine.support.hierarchical.NodeTestTask.executeRecursively(NodeTestTask.java:138)                                                                             */
[15:08:02] [Test worker/ERROR]: /*     org.junit.platform.engine.support.hierarchical.NodeTestTask.execute(NodeTestTask.java:95)                                                                                         */
[15:08:02] [Test worker/ERROR]: /*     java.base/java.util.ArrayList.forEach(ArrayList.java:1596)                                                                                                                        */
[15:08:02] [Test worker/ERROR]: /*     org.junit.platform.engine.support.hierarchical.SameThreadHierarchicalTestExecutorService.invokeAll(SameThreadHierarchicalTestExecutorService.java:41)                             */
[15:08:02] [Test worker/ERROR]: /*     org.junit.platform.engine.support.hierarchical.NodeTestTask.lambda$executeRecursively$6(NodeTestTask.java:155)                                                                    */
[15:08:02] [Test worker/ERROR]: /*     org.junit.platform.engine.support.hierarchical.ThrowableCollector.execute(ThrowableCollector.java:73)                                                                             */
[15:08:02] [Test worker/ERROR]: /*     org.junit.platform.engine.support.hierarchical.NodeTestTask.lambda$executeRecursively$8(NodeTestTask.java:141)                                                                    */
[15:08:02] [Test worker/ERROR]: /*     org.junit.platform.engine.support.hierarchical.Node.around(Node.java:137)                                                                                                         */
[15:08:02] [Test worker/ERROR]: /*     org.junit.platform.engine.support.hierarchical.NodeTestTask.lambda$executeRecursively$9(NodeTestTask.java:139)                                                                    */
[15:08:02] [Test worker/ERROR]: /*     org.junit.platform.engine.support.hierarchical.ThrowableCollector.execute(ThrowableCollector.java:73)                                                                             */
[15:08:02] [Test worker/ERROR]: /*     org.junit.platform.engine.support.hierarchical.NodeTestTask.executeRecursively(NodeTestTask.java:138)                                                                             */
[15:08:02] [Test worker/ERROR]: /*     org.junit.platform.engine.support.hierarchical.NodeTestTask.execute(NodeTestTask.java:95)                                                                                         */
[15:08:02] [Test worker/ERROR]: /*     org.junit.platform.engine.support.hierarchical.SameThreadHierarchicalTestExecutorService.submit(SameThreadHierarchicalTestExecutorService.java:35)                                */
[15:08:02] [Test worker/ERROR]: /*     org.junit.platform.engine.support.hierarchical.HierarchicalTestExecutor.execute(HierarchicalTestExecutor.java:57)                                                                 */
[15:08:02] [Test worker/ERROR]: /*     org.junit.platform.engine.support.hierarchical.HierarchicalTestEngine.execute(HierarchicalTestEngine.java:54)                                                                     */
[15:08:02] [Test worker/ERROR]: /*     org.junit.platform.launcher.core.EngineExecutionOrchestrator.execute(EngineExecutionOrchestrator.java:107)                                                                        */
[15:08:02] [Test worker/ERROR]: /*     org.junit.platform.launcher.core.EngineExecutionOrchestrator.execute(EngineExecutionOrchestrator.java:88)                                                                         */
[15:08:02] [Test worker/ERROR]: /*     org.junit.platform.launcher.core.EngineExecutionOrchestrator.lambda$execute$0(EngineExecutionOrchestrator.java:54)                                                                */
[15:08:02] [Test worker/ERROR]: /*     org.junit.platform.launcher.core.EngineExecutionOrchestrator.withInterceptedStreams(EngineExecutionOrchestrator.java:67)                                                          */
[15:08:02] [Test worker/ERROR]: /*     org.junit.platform.launcher.core.EngineExecutionOrchestrator.execute(EngineExecutionOrchestrator.java:52)                                                                         */
[15:08:02] [Test worker/ERROR]: /*     org.junit.platform.launcher.core.DefaultLauncher.execute(DefaultLauncher.java:114)                                                                                                */
[15:08:02] [Test worker/ERROR]: /*     org.junit.platform.launcher.core.DefaultLauncher.execute(DefaultLauncher.java:86)                                                                                                 */
[15:08:02] [Test worker/ERROR]: /*     org.junit.platform.launcher.core.DefaultLauncherSession$DelegatingLauncher.execute(DefaultLauncherSession.java:86)                                                                */
[15:08:02] [Test worker/ERROR]: /*     org.gradle.api.internal.tasks.testing.junitplatform.JUnitPlatformTestClassProcessor$CollectAllTestClassesExecutor.processAllTestClasses(JUnitPlatformTestClassProcessor.java:124) */
[15:08:02] [Test worker/ERROR]: /*     org.gradle.api.internal.tasks.testing.junitplatform.JUnitPlatformTestClassProcessor$CollectAllTestClassesExecutor.access$000(JUnitPlatformTestClassProcessor.java:99)             */
[15:08:02] [Test worker/ERROR]: /*     org.gradle.api.internal.tasks.testing.junitplatform.JUnitPlatformTestClassProcessor.stop(JUnitPlatformTestClassProcessor.java:94)                                                 */
[15:08:02] [Test worker/ERROR]: /*     org.gradle.api.internal.tasks.testing.SuiteTestClassProcessor.stop(SuiteTestClassProcessor.java:63)                                                                               */
[15:08:02] [Test worker/ERROR]: /*     java.base/jdk.internal.reflect.DirectMethodHandleAccessor.invoke(DirectMethodHandleAccessor.java:103)                                                                             */
[15:08:02] [Test worker/ERROR]: /*     java.base/java.lang.reflect.Method.invoke(Method.java:580)                                                                                                                        */
[15:08:02] [Test worker/ERROR]: /*     org.gradle.internal.dispatch.ReflectionDispatch.dispatch(ReflectionDispatch.java:36)                                                                                              */
[15:08:02] [Test worker/ERROR]: /*     org.gradle.internal.dispatch.ReflectionDispatch.dispatch(ReflectionDispatch.java:24)                                                                                              */
[15:08:02] [Test worker/ERROR]: /*     org.gradle.internal.dispatch.ContextClassLoaderDispatch.dispatch(ContextClassLoaderDispatch.java:33)                                                                              */
[15:08:02] [Test worker/ERROR]: /*     org.gradle.internal.dispatch.ProxyDispatchAdapter$DispatchingInvocationHandler.invoke(ProxyDispatchAdapter.java:92)                                                               */
[15:08:02] [Test worker/ERROR]: /*     jdk.proxy1/jdk.proxy1.$Proxy4.stop(Unknown Source)                                                                                                                                */
[15:08:02] [Test worker/ERROR]: /*     org.gradle.api.internal.tasks.testing.worker.TestWorker$3.run(TestWorker.java:200)                                                                                                */
[15:08:02] [Test worker/ERROR]: /*     org.gradle.api.internal.tasks.testing.worker.TestWorker.executeAndMaintainThreadName(TestWorker.java:132)                                                                         */
[15:08:02] [Test worker/ERROR]: /*     org.gradle.api.internal.tasks.testing.worker.TestWorker.execute(TestWorker.java:103)                                                                                              */
[15:08:02] [Test worker/ERROR]: /*     org.gradle.api.internal.tasks.testing.worker.TestWorker.execute(TestWorker.java:63)                                                                                               */
[15:08:02] [Test worker/ERROR]: /*     org.gradle.process.internal.worker.child.ActionExecutionWorker.execute(ActionExecutionWorker.java:56)                                                                             */
[15:08:02] [Test worker/ERROR]: /*     org.gradle.process.internal.worker.child.SystemApplicationClassLoaderWorker.call(SystemApplicationClassLoaderWorker.java:121)                                                     */
[15:08:02] [Test worker/ERROR]: /*     org.gradle.process.internal.worker.child.SystemApplicationClassLoaderWorker.call(SystemApplicationClassLoaderWorker.java:71)                                                      */
[15:08:02] [Test worker/ERROR]: /*     worker.org.gradle.process.internal.worker.GradleWorkerMain.run(GradleWorkerMain.java:69)                                                                                          */
[15:08:02] [Test worker/ERROR]: /*     worker.org.gradle.process.internal.worker.GradleWorkerMain.main(GradleWorkerMain.java:74)                                                                                         */
[15:08:02] [Test worker/ERROR]: /*****************************************************************************************************************************************************************************************/
[15:08:02] [Test worker/ERROR]: /*****************************************************************************************************************************************************************************************/
[15:08:02] [Test worker/ERROR]: /*                                                                               Encountered an Exception!                                                                               */
[15:08:02] [Test worker/ERROR]: /*****************************************************************************************************************************************************************************************/
[15:08:02] [Test worker/ERROR]: /*                                                                                                                                                                                       */
[15:08:02] [Test worker/ERROR]: /* Exception details can be found below:                                                                                                                                                 */
[15:08:02] [Test worker/ERROR]: /*---------------------------------------------------------------------------------------------------------------------------------------------------------------------------------------*/
[15:08:02] [Test worker/ERROR]: /* java.lang.IllegalArgumentException: Parameter 'arg1' has parser 'net.impactdev.impactor.core.text.pagination.ActivePagination' but no parser exists for that type                     */
[15:08:02] [Test worker/ERROR]: /*     org.incendo.cloud.annotations.assembler.ArgumentAssemblerImpl.lambda$assembleArgument$4(ArgumentAssemblerImpl.java:118)                                                           */
[15:08:02] [Test worker/ERROR]: /*     java.base/java.util.Optional.orElseThrow(Optional.java:403)                                                                                                                       */
[15:08:02] [Test worker/ERROR]: /*     org.incendo.cloud.annotations.assembler.ArgumentAssemblerImpl.assembleArgument(ArgumentAssemblerImpl.java:117)                                                                    */
[15:08:02] [Test worker/ERROR]: /*     org.incendo.cloud.annotations.AnnotationParser.lambda$constructComponents$9(AnnotationParser.java:1056)                                                                           */
[15:08:02] [Test worker/ERROR]: /*     java.base/java.util.stream.ReferencePipeline$3$1.accept(ReferencePipeline.java:197)                                                                                               */
[15:08:02] [Test worker/ERROR]: /*     java.base/java.util.ArrayList$ArrayListSpliterator.forEachRemaining(ArrayList.java:1708)                                                                                          */
[15:08:02] [Test worker/ERROR]: /*     java.base/java.util.stream.AbstractPipeline.copyInto(AbstractPipeline.java:509)                                                                                                   */
[15:08:02] [Test worker/ERROR]: /*     java.base/java.util.stream.AbstractPipeline.wrapAndCopyInto(AbstractPipeline.java:499)                                                                                            */
[15:08:02] [Test worker/ERROR]: /*     java.base/java.util.stream.ReduceOps$ReduceOp.evaluateSequential(ReduceOps.java:921)                                                                                              */
[15:08:02] [Test worker/ERROR]: /*     java.base/java.util.stream.AbstractPipeline.evaluate(AbstractPipeline.java:234)                                                                                                   */
[15:08:02] [Test worker/ERROR]: /*     java.base/java.util.stream.ReferencePipeline.collect(ReferencePipeline.java:682)                                                                                                  */
[15:08:02] [Test worker/ERROR]: /*     org.incendo.cloud.annotations.AnnotationParser.constructComponents(AnnotationParser.java:1060)                                                                                    */
[15:08:02] [Test worker/ERROR]: /*     org.incendo.cloud.annotations.AnnotationParser.constructCommands(AnnotationParser.java:940)                                                                                       */
[15:08:02] [Test worker/ERROR]: /*     org.incendo.cloud.annotations.AnnotationParser.lambda$construct$8(AnnotationParser.java:907)                                                                                      */
[15:08:02] [Test worker/ERROR]: /*     java.base/java.util.stream.ReferencePipeline$7$1.accept(ReferencePipeline.java:273)                                                                                               */
[15:08:02] [Test worker/ERROR]: /*     java.base/java.util.ArrayList$ArrayListSpliterator.forEachRemaining(ArrayList.java:1708)                                                                                          */
[15:08:02] [Test worker/ERROR]: /*     java.base/java.util.stream.AbstractPipeline.copyInto(AbstractPipeline.java:509)                                                                                                   */
[15:08:02] [Test worker/ERROR]: /*     java.base/java.util.stream.AbstractPipeline.wrapAndCopyInto(AbstractPipeline.java:499)                                                                                            */
[15:08:02] [Test worker/ERROR]: /*     java.base/java.util.stream.ReduceOps$ReduceOp.evaluateSequential(ReduceOps.java:921)                                                                                              */
[15:08:02] [Test worker/ERROR]: /*     java.base/java.util.stream.AbstractPipeline.evaluate(AbstractPipeline.java:234)                                                                                                   */
[15:08:02] [Test worker/ERROR]: /*     java.base/java.util.stream.ReferencePipeline.collect(ReferencePipeline.java:682)                                                                                                  */
[15:08:02] [Test worker/ERROR]: /*     org.incendo.cloud.annotations.AnnotationParser.construct(AnnotationParser.java:908)                                                                                               */
[15:08:02] [Test worker/ERROR]: /*     org.incendo.cloud.annotations.AnnotationParser.parse(AnnotationParser.java:760)                                                                                                   */
[15:08:02] [Test worker/ERROR]: /*     org.incendo.cloud.annotations.AnnotationParser.parse(AnnotationParser.java:732)                                                                                                   */
[15:08:02] [Test worker/ERROR]: /*     net.impactdev.impactor.core.commands.events.RegisterCommandsEvent.register(RegisterCommandsEvent.java:46)                                                                         */
[15:08:02] [Test worker/ERROR]: /*     net.impactdev.impactor.core.commands.CommandsModule.lambda$subscribe$0(CommandsModule.java:43)                                                                                    */
[15:08:02] [Test worker/ERROR]: /*     net.kyori.event.EventBusImpl.post(EventBusImpl.java:63)                                                                                                                           */
[15:08:02] [Test worker/ERROR]: /*     net.impactdev.impactor.api.events.ImpactorEventBus.post(ImpactorEventBus.java:68)                                                                                                 */
[15:08:02] [Test worker/ERROR]: /*     net.impactdev.impactor.api.events.ImpactorEventBus.post(ImpactorEventBus.java:41)                                                                                                 */
[15:08:02] [Test worker/ERROR]: /*     net.impactdev.impactor.core.utility.events.EventPublisher.post(EventPublisher.java:39)                                                                                            */
[15:08:02] [Test worker/ERROR]: /*     net.impactdev.impactor.core.commands.ImpactorCommandRegistry.registerAllCommands(ImpactorCommandRegistry.java:77)                                                                 */
[15:08:02] [Test worker/ERROR]: /*     net.impactdev.impactor.core.plugin.BaseImpactorPlugin.construct(BaseImpactorPlugin.java:136)                                                                                      */
[15:08:02] [Test worker/ERROR]: /*     net.impactdev.impactor.minecraft.test.TestBootstrapper.launch(TestBootstrapper.java:39)                                                                                           */
[15:08:02] [Test worker/ERROR]: /*     net.impactdev.impactor.minecraft.test.TestInitializer.beforeAll(TestInitializer.java:56)                                                                                          */
[15:08:02] [Test worker/ERROR]: /*     org.junit.jupiter.engine.descriptor.ClassBasedTestDescriptor.lambda$invokeBeforeAllCallbacks$12(ClassBasedTestDescriptor.java:395)                                                */
[15:08:02] [Test worker/ERROR]: /*     org.junit.platform.engine.support.hierarchical.ThrowableCollector.execute(ThrowableCollector.java:73)                                                                             */
[15:08:02] [Test worker/ERROR]: /*     org.junit.jupiter.engine.descriptor.ClassBasedTestDescriptor.invokeBeforeAllCallbacks(ClassBasedTestDescriptor.java:395)                                                          */
[15:08:02] [Test worker/ERROR]: /*     org.junit.jupiter.engine.descriptor.ClassBasedTestDescriptor.before(ClassBasedTestDescriptor.java:211)                                                                            */
[15:08:02] [Test worker/ERROR]: /*     org.junit.jupiter.engine.descriptor.ClassBasedTestDescriptor.before(ClassBasedTestDescriptor.java:84)                                                                             */
[15:08:02] [Test worker/ERROR]: /*     org.junit.platform.engine.support.hierarchical.NodeTestTask.lambda$executeRecursively$6(NodeTestTask.java:148)                                                                    */
[15:08:02] [Test worker/ERROR]: /*     org.junit.platform.engine.support.hierarchical.ThrowableCollector.execute(ThrowableCollector.java:73)                                                                             */
[15:08:02] [Test worker/ERROR]: /*     org.junit.platform.engine.support.hierarchical.NodeTestTask.lambda$executeRecursively$8(NodeTestTask.java:141)                                                                    */
[15:08:02] [Test worker/ERROR]: /*     org.junit.platform.engine.support.hierarchical.Node.around(Node.java:137)                                                                                                         */
[15:08:02] [Test worker/ERROR]: /*     org.junit.platform.engine.support.hierarchical.NodeTestTask.lambda$executeRecursively$9(NodeTestTask.java:139)                                                                    */
[15:08:02] [Test worker/ERROR]: /*     org.junit.platform.engine.support.hierarchical.ThrowableCollector.execute(ThrowableCollector.java:73)                                                                             */
[15:08:02] [Test worker/ERROR]: /*     org.junit.platform.engine.support.hierarchical.NodeTestTask.executeRecursively(NodeTestTask.java:138)                                                                             */
[15:08:02] [Test worker/ERROR]: /*     org.junit.platform.engine.support.hierarchical.NodeTestTask.execute(NodeTestTask.java:95)                                                                                         */
[15:08:02] [Test worker/ERROR]: /*     java.base/java.util.ArrayList.forEach(ArrayList.java:1596)                                                                                                                        */
[15:08:02] [Test worker/ERROR]: /*     org.junit.platform.engine.support.hierarchical.SameThreadHierarchicalTestExecutorService.invokeAll(SameThreadHierarchicalTestExecutorService.java:41)                             */
[15:08:02] [Test worker/ERROR]: /*     org.junit.platform.engine.support.hierarchical.NodeTestTask.lambda$executeRecursively$6(NodeTestTask.java:155)                                                                    */
[15:08:02] [Test worker/ERROR]: /*     org.junit.platform.engine.support.hierarchical.ThrowableCollector.execute(ThrowableCollector.java:73)                                                                             */
[15:08:02] [Test worker/ERROR]: /*     org.junit.platform.engine.support.hierarchical.NodeTestTask.lambda$executeRecursively$8(NodeTestTask.java:141)                                                                    */
[15:08:02] [Test worker/ERROR]: /*     org.junit.platform.engine.support.hierarchical.Node.around(Node.java:137)                                                                                                         */
[15:08:02] [Test worker/ERROR]: /*     org.junit.platform.engine.support.hierarchical.NodeTestTask.lambda$executeRecursively$9(NodeTestTask.java:139)                                                                    */
[15:08:02] [Test worker/ERROR]: /*     org.junit.platform.engine.support.hierarchical.ThrowableCollector.execute(ThrowableCollector.java:73)                                                                             */
[15:08:02] [Test worker/ERROR]: /*     org.junit.platform.engine.support.hierarchical.NodeTestTask.executeRecursively(NodeTestTask.java:138)                                                                             */
[15:08:02] [Test worker/ERROR]: /*     org.junit.platform.engine.support.hierarchical.NodeTestTask.execute(NodeTestTask.java:95)                                                                                         */
[15:08:02] [Test worker/ERROR]: /*     org.junit.platform.engine.support.hierarchical.SameThreadHierarchicalTestExecutorService.submit(SameThreadHierarchicalTestExecutorService.java:35)                                */
[15:08:02] [Test worker/ERROR]: /*     org.junit.platform.engine.support.hierarchical.HierarchicalTestExecutor.execute(HierarchicalTestExecutor.java:57)                                                                 */
[15:08:02] [Test worker/ERROR]: /*     org.junit.platform.engine.support.hierarchical.HierarchicalTestEngine.execute(HierarchicalTestEngine.java:54)                                                                     */
[15:08:02] [Test worker/ERROR]: /*     org.junit.platform.launcher.core.EngineExecutionOrchestrator.execute(EngineExecutionOrchestrator.java:107)                                                                        */
[15:08:02] [Test worker/ERROR]: /*     org.junit.platform.launcher.core.EngineExecutionOrchestrator.execute(EngineExecutionOrchestrator.java:88)                                                                         */
[15:08:02] [Test worker/ERROR]: /*     org.junit.platform.launcher.core.EngineExecutionOrchestrator.lambda$execute$0(EngineExecutionOrchestrator.java:54)                                                                */
[15:08:02] [Test worker/ERROR]: /*     org.junit.platform.launcher.core.EngineExecutionOrchestrator.withInterceptedStreams(EngineExecutionOrchestrator.java:67)                                                          */
[15:08:02] [Test worker/ERROR]: /*     org.junit.platform.launcher.core.EngineExecutionOrchestrator.execute(EngineExecutionOrchestrator.java:52)                                                                         */
[15:08:02] [Test worker/ERROR]: /*     org.junit.platform.launcher.core.DefaultLauncher.execute(DefaultLauncher.java:114)                                                                                                */
[15:08:02] [Test worker/ERROR]: /*     org.junit.platform.launcher.core.DefaultLauncher.execute(DefaultLauncher.java:86)                                                                                                 */
[15:08:02] [Test worker/ERROR]: /*     org.junit.platform.launcher.core.DefaultLauncherSession$DelegatingLauncher.execute(DefaultLauncherSession.java:86)                                                                */
[15:08:02] [Test worker/ERROR]: /*     org.gradle.api.internal.tasks.testing.junitplatform.JUnitPlatformTestClassProcessor$CollectAllTestClassesExecutor.processAllTestClasses(JUnitPlatformTestClassProcessor.java:124) */
[15:08:02] [Test worker/ERROR]: /*     org.gradle.api.internal.tasks.testing.junitplatform.JUnitPlatformTestClassProcessor$CollectAllTestClassesExecutor.access$000(JUnitPlatformTestClassProcessor.java:99)             */
[15:08:02] [Test worker/ERROR]: /*     org.gradle.api.internal.tasks.testing.junitplatform.JUnitPlatformTestClassProcessor.stop(JUnitPlatformTestClassProcessor.java:94)                                                 */
[15:08:02] [Test worker/ERROR]: /*     org.gradle.api.internal.tasks.testing.SuiteTestClassProcessor.stop(SuiteTestClassProcessor.java:63)                                                                               */
[15:08:02] [Test worker/ERROR]: /*     java.base/jdk.internal.reflect.DirectMethodHandleAccessor.invoke(DirectMethodHandleAccessor.java:103)                                                                             */
[15:08:02] [Test worker/ERROR]: /*     java.base/java.lang.reflect.Method.invoke(Method.java:580)                                                                                                                        */
[15:08:02] [Test worker/ERROR]: /*     org.gradle.internal.dispatch.ReflectionDispatch.dispatch(ReflectionDispatch.java:36)                                                                                              */
[15:08:02] [Test worker/ERROR]: /*     org.gradle.internal.dispatch.ReflectionDispatch.dispatch(ReflectionDispatch.java:24)                                                                                              */
[15:08:02] [Test worker/ERROR]: /*     org.gradle.internal.dispatch.ContextClassLoaderDispatch.dispatch(ContextClassLoaderDispatch.java:33)                                                                              */
[15:08:02] [Test worker/ERROR]: /*     org.gradle.internal.dispatch.ProxyDispatchAdapter$DispatchingInvocationHandler.invoke(ProxyDispatchAdapter.java:92)                                                               */
[15:08:02] [Test worker/ERROR]: /*     jdk.proxy1/jdk.proxy1.$Proxy4.stop(Unknown Source)                                                                                                                                */
[15:08:02] [Test worker/ERROR]: /*     org.gradle.api.internal.tasks.testing.worker.TestWorker$3.run(TestWorker.java:200)                                                                                                */
[15:08:02] [Test worker/ERROR]: /*     org.gradle.api.internal.tasks.testing.worker.TestWorker.executeAndMaintainThreadName(TestWorker.java:132)                                                                         */
[15:08:02] [Test worker/ERROR]: /*     org.gradle.api.internal.tasks.testing.worker.TestWorker.execute(TestWorker.java:103)                                                                                              */
[15:08:02] [Test worker/ERROR]: /*     org.gradle.api.internal.tasks.testing.worker.TestWorker.execute(TestWorker.java:63)                                                                                               */
[15:08:02] [Test worker/ERROR]: /*     org.gradle.process.internal.worker.child.ActionExecutionWorker.execute(ActionExecutionWorker.java:56)                                                                             */
[15:08:02] [Test worker/ERROR]: /*     org.gradle.process.internal.worker.child.SystemApplicationClassLoaderWorker.call(SystemApplicationClassLoaderWorker.java:121)                                                     */
[15:08:02] [Test worker/ERROR]: /*     org.gradle.process.internal.worker.child.SystemApplicationClassLoaderWorker.call(SystemApplicationClassLoaderWorker.java:71)                                                      */
[15:08:02] [Test worker/ERROR]: /*     worker.org.gradle.process.internal.worker.GradleWorkerMain.run(GradleWorkerMain.java:69)                                                                                          */
[15:08:02] [Test worker/ERROR]: /*     worker.org.gradle.process.internal.worker.GradleWorkerMain.main(GradleWorkerMain.java:74)                                                                                         */
[15:08:02] [Test worker/ERROR]: /*****************************************************************************************************************************************************************************************/
[15:08:02] [Test worker/ERROR]: /*****************************************************************************************************************************************************************************************/
[15:08:02] [Test worker/ERROR]: /*                                                                               Encountered an Exception!                                                                               */
[15:08:02] [Test worker/ERROR]: /*****************************************************************************************************************************************************************************************/
[15:08:02] [Test worker/ERROR]: /*                                                                                                                                                                                       */
[15:08:02] [Test worker/ERROR]: /* Exception details can be found below:                                                                                                                                                 */
[15:08:02] [Test worker/ERROR]: /*---------------------------------------------------------------------------------------------------------------------------------------------------------------------------------------*/
[15:08:02] [Test worker/ERROR]: /* java.lang.IllegalArgumentException: Parameter 'arg1' has parser 'java.util.Locale' but no parser exists for that type                                                                 */
[15:08:02] [Test worker/ERROR]: /*     org.incendo.cloud.annotations.assembler.ArgumentAssemblerImpl.lambda$assembleArgument$4(ArgumentAssemblerImpl.java:118)                                                           */
[15:08:02] [Test worker/ERROR]: /*     java.base/java.util.Optional.orElseThrow(Optional.java:403)                                                                                                                       */
[15:08:02] [Test worker/ERROR]: /*     org.incendo.cloud.annotations.assembler.ArgumentAssemblerImpl.assembleArgument(ArgumentAssemblerImpl.java:117)                                                                    */
[15:08:02] [Test worker/ERROR]: /*     org.incendo.cloud.annotations.AnnotationParser.lambda$constructComponents$9(AnnotationParser.java:1056)                                                                           */
[15:08:02] [Test worker/ERROR]: /*     java.base/java.util.stream.ReferencePipeline$3$1.accept(ReferencePipeline.java:197)                                                                                               */
[15:08:02] [Test worker/ERROR]: /*     java.base/java.util.ArrayList$ArrayListSpliterator.forEachRemaining(ArrayList.java:1708)                                                                                          */
[15:08:02] [Test worker/ERROR]: /*     java.base/java.util.stream.AbstractPipeline.copyInto(AbstractPipeline.java:509)                                                                                                   */
[15:08:02] [Test worker/ERROR]: /*     java.base/java.util.stream.AbstractPipeline.wrapAndCopyInto(AbstractPipeline.java:499)                                                                                            */
[15:08:02] [Test worker/ERROR]: /*     java.base/java.util.stream.ReduceOps$ReduceOp.evaluateSequential(ReduceOps.java:921)                                                                                              */
[15:08:02] [Test worker/ERROR]: /*     java.base/java.util.stream.AbstractPipeline.evaluate(AbstractPipeline.java:234)                                                                                                   */
[15:08:02] [Test worker/ERROR]: /*     java.base/java.util.stream.ReferencePipeline.collect(ReferencePipeline.java:682)                                                                                                  */
[15:08:02] [Test worker/ERROR]: /*     org.incendo.cloud.annotations.AnnotationParser.constructComponents(AnnotationParser.java:1060)                                                                                    */
[15:08:02] [Test worker/ERROR]: /*     org.incendo.cloud.annotations.AnnotationParser.constructCommands(AnnotationParser.java:940)                                                                                       */
[15:08:02] [Test worker/ERROR]: /*     org.incendo.cloud.annotations.AnnotationParser.lambda$construct$8(AnnotationParser.java:907)                                                                                      */
[15:08:02] [Test worker/ERROR]: /*     java.base/java.util.stream.ReferencePipeline$7$1.accept(ReferencePipeline.java:273)                                                                                               */
[15:08:02] [Test worker/ERROR]: /*     java.base/java.util.ArrayList$ArrayListSpliterator.forEachRemaining(ArrayList.java:1708)                                                                                          */
[15:08:02] [Test worker/ERROR]: /*     java.base/java.util.stream.AbstractPipeline.copyInto(AbstractPipeline.java:509)                                                                                                   */
[15:08:02] [Test worker/ERROR]: /*     java.base/java.util.stream.AbstractPipeline.wrapAndCopyInto(AbstractPipeline.java:499)                                                                                            */
[15:08:02] [Test worker/ERROR]: /*     java.base/java.util.stream.ReduceOps$ReduceOp.evaluateSequential(ReduceOps.java:921)                                                                                              */
[15:08:02] [Test worker/ERROR]: /*     java.base/java.util.stream.AbstractPipeline.evaluate(AbstractPipeline.java:234)                                                                                                   */
[15:08:02] [Test worker/ERROR]: /*     java.base/java.util.stream.ReferencePipeline.collect(ReferencePipeline.java:682)                                                                                                  */
[15:08:02] [Test worker/ERROR]: /*     org.incendo.cloud.annotations.AnnotationParser.construct(AnnotationParser.java:908)                                                                                               */
[15:08:02] [Test worker/ERROR]: /*     org.incendo.cloud.annotations.AnnotationParser.parse(AnnotationParser.java:760)                                                                                                   */
[15:08:02] [Test worker/ERROR]: /*     org.incendo.cloud.annotations.AnnotationParser.parse(AnnotationParser.java:732)                                                                                                   */
[15:08:02] [Test worker/ERROR]: /*     net.impactdev.impactor.core.commands.events.RegisterCommandsEvent.register(RegisterCommandsEvent.java:46)                                                                         */
[15:08:02] [Test worker/ERROR]: /*     net.impactdev.impactor.core.commands.CommandsModule.lambda$subscribe$0(CommandsModule.java:44)                                                                                    */
[15:08:02] [Test worker/ERROR]: /*     net.kyori.event.EventBusImpl.post(EventBusImpl.java:63)                                                                                                                           */
[15:08:02] [Test worker/ERROR]: /*     net.impactdev.impactor.api.events.ImpactorEventBus.post(ImpactorEventBus.java:68)                                                                                                 */
[15:08:02] [Test worker/ERROR]: /*     net.impactdev.impactor.api.events.ImpactorEventBus.post(ImpactorEventBus.java:41)                                                                                                 */
[15:08:02] [Test worker/ERROR]: /*     net.impactdev.impactor.core.utility.events.EventPublisher.post(EventPublisher.java:39)                                                                                            */
[15:08:02] [Test worker/ERROR]: /*     net.impactdev.impactor.core.commands.ImpactorCommandRegistry.registerAllCommands(ImpactorCommandRegistry.java:77)                                                                 */
[15:08:02] [Test worker/ERROR]: /*     net.impactdev.impactor.core.plugin.BaseImpactorPlugin.construct(BaseImpactorPlugin.java:136)                                                                                      */
[15:08:02] [Test worker/ERROR]: /*     net.impactdev.impactor.minecraft.test.TestBootstrapper.launch(TestBootstrapper.java:39)                                                                                           */
[15:08:02] [Test worker/ERROR]: /*     net.impactdev.impactor.minecraft.test.TestInitializer.beforeAll(TestInitializer.java:56)                                                                                          */
[15:08:02] [Test worker/ERROR]: /*     org.junit.jupiter.engine.descriptor.ClassBasedTestDescriptor.lambda$invokeBeforeAllCallbacks$12(ClassBasedTestDescriptor.java:395)                                                */
[15:08:02] [Test worker/ERROR]: /*     org.junit.platform.engine.support.hierarchical.ThrowableCollector.execute(ThrowableCollector.java:73)                                                                             */
[15:08:02] [Test worker/ERROR]: /*     org.junit.jupiter.engine.descriptor.ClassBasedTestDescriptor.invokeBeforeAllCallbacks(ClassBasedTestDescriptor.java:395)                                                          */
[15:08:02] [Test worker/ERROR]: /*     org.junit.jupiter.engine.descriptor.ClassBasedTestDescriptor.before(ClassBasedTestDescriptor.java:211)                                                                            */
[15:08:02] [Test worker/ERROR]: /*     org.junit.jupiter.engine.descriptor.ClassBasedTestDescriptor.before(ClassBasedTestDescriptor.java:84)                                                                             */
[15:08:02] [Test worker/ERROR]: /*     org.junit.platform.engine.support.hierarchical.NodeTestTask.lambda$executeRecursively$6(NodeTestTask.java:148)                                                                    */
[15:08:02] [Test worker/ERROR]: /*     org.junit.platform.engine.support.hierarchical.ThrowableCollector.execute(ThrowableCollector.java:73)                                                                             */
[15:08:02] [Test worker/ERROR]: /*     org.junit.platform.engine.support.hierarchical.NodeTestTask.lambda$executeRecursively$8(NodeTestTask.java:141)                                                                    */
[15:08:02] [Test worker/ERROR]: /*     org.junit.platform.engine.support.hierarchical.Node.around(Node.java:137)                                                                                                         */
[15:08:02] [Test worker/ERROR]: /*     org.junit.platform.engine.support.hierarchical.NodeTestTask.lambda$executeRecursively$9(NodeTestTask.java:139)                                                                    */
[15:08:02] [Test worker/ERROR]: /*     org.junit.platform.engine.support.hierarchical.ThrowableCollector.execute(ThrowableCollector.java:73)                                                                             */
[15:08:02] [Test worker/ERROR]: /*     org.junit.platform.engine.support.hierarchical.NodeTestTask.executeRecursively(NodeTestTask.java:138)                                                                             */
[15:08:02] [Test worker/ERROR]: /*     org.junit.platform.engine.support.hierarchical.NodeTestTask.execute(NodeTestTask.java:95)                                                                                         */
[15:08:02] [Test worker/ERROR]: /*     java.base/java.util.ArrayList.forEach(ArrayList.java:1596)                                                                                                                        */
[15:08:03] [Test worker/ERROR]: /*     org.junit.platform.engine.support.hierarchical.SameThreadHierarchicalTestExecutorService.invokeAll(SameThreadHierarchicalTestExecutorService.java:41)                             */
[15:08:03] [Test worker/ERROR]: /*     org.junit.platform.engine.support.hierarchical.NodeTestTask.lambda$executeRecursively$6(NodeTestTask.java:155)                                                                    */
[15:08:03] [Test worker/ERROR]: /*     org.junit.platform.engine.support.hierarchical.ThrowableCollector.execute(ThrowableCollector.java:73)                                                                             */
[15:08:03] [Test worker/ERROR]: /*     org.junit.platform.engine.support.hierarchical.NodeTestTask.lambda$executeRecursively$8(NodeTestTask.java:141)                                                                    */
[15:08:03] [Test worker/ERROR]: /*     org.junit.platform.engine.support.hierarchical.Node.around(Node.java:137)                                                                                                         */
[15:08:03] [Test worker/ERROR]: /*     org.junit.platform.engine.support.hierarchical.NodeTestTask.lambda$executeRecursively$9(NodeTestTask.java:139)                                                                    */
[15:08:03] [Test worker/ERROR]: /*     org.junit.platform.engine.support.hierarchical.ThrowableCollector.execute(ThrowableCollector.java:73)                                                                             */
[15:08:03] [Test worker/ERROR]: /*     org.junit.platform.engine.support.hierarchical.NodeTestTask.executeRecursively(NodeTestTask.java:138)                                                                             */
[15:08:03] [Test worker/ERROR]: /*     org.junit.platform.engine.support.hierarchical.NodeTestTask.execute(NodeTestTask.java:95)                                                                                         */
[15:08:03] [Test worker/ERROR]: /*     org.junit.platform.engine.support.hierarchical.SameThreadHierarchicalTestExecutorService.submit(SameThreadHierarchicalTestExecutorService.java:35)                                */
[15:08:03] [Test worker/ERROR]: /*     org.junit.platform.engine.support.hierarchical.HierarchicalTestExecutor.execute(HierarchicalTestExecutor.java:57)                                                                 */
[15:08:03] [Test worker/ERROR]: /*     org.junit.platform.engine.support.hierarchical.HierarchicalTestEngine.execute(HierarchicalTestEngine.java:54)                                                                     */
[15:08:03] [Test worker/ERROR]: /*     org.junit.platform.launcher.core.EngineExecutionOrchestrator.execute(EngineExecutionOrchestrator.java:107)                                                                        */
[15:08:03] [Test worker/ERROR]: /*     org.junit.platform.launcher.core.EngineExecutionOrchestrator.execute(EngineExecutionOrchestrator.java:88)                                                                         */
[15:08:03] [Test worker/ERROR]: /*     org.junit.platform.launcher.core.EngineExecutionOrchestrator.lambda$execute$0(EngineExecutionOrchestrator.java:54)                                                                */
[15:08:03] [Test worker/ERROR]: /*     org.junit.platform.launcher.core.EngineExecutionOrchestrator.withInterceptedStreams(EngineExecutionOrchestrator.java:67)                                                          */
[15:08:03] [Test worker/ERROR]: /*     org.junit.platform.launcher.core.EngineExecutionOrchestrator.execute(EngineExecutionOrchestrator.java:52)                                                                         */
[15:08:03] [Test worker/ERROR]: /*     org.junit.platform.launcher.core.DefaultLauncher.execute(DefaultLauncher.java:114)                                                                                                */
[15:08:03] [Test worker/ERROR]: /*     org.junit.platform.launcher.core.DefaultLauncher.execute(DefaultLauncher.java:86)                                                                                                 */
[15:08:03] [Test worker/ERROR]: /*     org.junit.platform.launcher.core.DefaultLauncherSession$DelegatingLauncher.execute(DefaultLauncherSession.java:86)                                                                */
[15:08:03] [Test worker/ERROR]: /*     org.gradle.api.internal.tasks.testing.junitplatform.JUnitPlatformTestClassProcessor$CollectAllTestClassesExecutor.processAllTestClasses(JUnitPlatformTestClassProcessor.java:124) */
[15:08:03] [Test worker/ERROR]: /*     org.gradle.api.internal.tasks.testing.junitplatform.JUnitPlatformTestClassProcessor$CollectAllTestClassesExecutor.access$000(JUnitPlatformTestClassProcessor.java:99)             */
[15:08:03] [Test worker/ERROR]: /*     org.gradle.api.internal.tasks.testing.junitplatform.JUnitPlatformTestClassProcessor.stop(JUnitPlatformTestClassProcessor.java:94)                                                 */
[15:08:03] [Test worker/ERROR]: /*     org.gradle.api.internal.tasks.testing.SuiteTestClassProcessor.stop(SuiteTestClassProcessor.java:63)                                                                               */
[15:08:03] [Test worker/ERROR]: /*     java.base/jdk.internal.reflect.DirectMethodHandleAccessor.invoke(DirectMethodHandleAccessor.java:103)                                                                             */
[15:08:03] [Test worker/ERROR]: /*     java.base/java.lang.reflect.Method.invoke(Method.java:580)                                                                                                                        */
[15:08:03] [Test worker/ERROR]: /*     org.gradle.internal.dispatch.ReflectionDispatch.dispatch(ReflectionDispatch.java:36)                                                                                              */
[15:08:03] [Test worker/ERROR]: /*     org.gradle.internal.dispatch.ReflectionDispatch.dispatch(ReflectionDispatch.java:24)                                                                                              */
[15:08:03] [Test worker/ERROR]: /*     org.gradle.internal.dispatch.ContextClassLoaderDispatch.dispatch(ContextClassLoaderDispatch.java:33)                                                                              */
[15:08:03] [Test worker/ERROR]: /*     org.gradle.internal.dispatch.ProxyDispatchAdapter$DispatchingInvocationHandler.invoke(ProxyDispatchAdapter.java:92)                                                               */
[15:08:03] [Test worker/ERROR]: /*     jdk.proxy1/jdk.proxy1.$Proxy4.stop(Unknown Source)                                                                                                                                */
[15:08:03] [Test worker/ERROR]: /*     org.gradle.api.internal.tasks.testing.worker.TestWorker$3.run(TestWorker.java:200)                                                                                                */
[15:08:03] [Test worker/ERROR]: /*     org.gradle.api.internal.tasks.testing.worker.TestWorker.executeAndMaintainThreadName(TestWorker.java:132)                                                                         */
[15:08:03] [Test worker/ERROR]: /*     org.gradle.api.internal.tasks.testing.worker.TestWorker.execute(TestWorker.java:103)                                                                                              */
[15:08:03] [Test worker/ERROR]: /*     org.gradle.api.internal.tasks.testing.worker.TestWorker.execute(TestWorker.java:63)                                                                                               */
[15:08:03] [Test worker/ERROR]: /*     org.gradle.process.internal.worker.child.ActionExecutionWorker.execute(ActionExecutionWorker.java:56)                                                                             */
[15:08:03] [Test worker/ERROR]: /*     org.gradle.process.internal.worker.child.SystemApplicationClassLoaderWorker.call(SystemApplicationClassLoaderWorker.java:121)                                                     */
[15:08:03] [Test worker/ERROR]: /*     org.gradle.process.internal.worker.child.SystemApplicationClassLoaderWorker.call(SystemApplicationClassLoaderWorker.java:71)                                                      */
[15:08:03] [Test worker/ERROR]: /*     worker.org.gradle.process.internal.worker.GradleWorkerMain.run(GradleWorkerMain.java:69)                                                                                          */
[15:08:03] [Test worker/ERROR]: /*     worker.org.gradle.process.internal.worker.GradleWorkerMain.main(GradleWorkerMain.java:74)                                                                                         */
[15:08:03] [Test worker/ERROR]: /*****************************************************************************************************************************************************************************************/
[15:08:03] [Test worker/INFO]: Setting up schedulers...
[15:08:03] [Test worker/INFO]: Initializing modules...
[15:08:03] [Test worker/INFO]: Registering economy service (Provider: Impactor)
[15:08:03] [Test worker/INFO]: Loading storage provider... [JSON]
[15:08:03] [Test worker/WARN]: Couldn't find a suitable networking setup, no networking will be performed...
[15:08:03] [Test worker/INFO]: Registering mail service (Provider: Impactor)
[15:08:03] [Test worker/INFO]: Loading storage provider... [JSON]
[15:08:03] [Test worker/INFO]: Calculating permissions service...
[15:08:03] [Test worker/INFO]: Permissions » Selected "NO-OP Permissions Service" (Provider: Impactor, Priority = 0)
[15:08:03] [Test worker/INFO]: Firing placeholder registration event
[15:08:03] [Test worker/INFO]: Initializing translations...
